[2026-04-12 11:03:33] Log file: ./results/defense_cifar10_mobilenet_idlg_20260412_110333.log
[2026-04-12 11:03:33] Device: cuda
[2026-04-12 11:03:33] Args: {'dataset': 'cifar10', 'model': 'mobilenet', 'attack': 'idlg', 'n_samples': 2, 'checkpoint': './checkpoints/cifar10_mobilenet.pth', 'output_dir': './results', 'seed': 42}
[2026-04-12 11:03:33] Loading LPIPS model (alex)...
[2026-04-12 11:03:34] LPIPS ready.
[2026-04-12 11:03:34] Loading dataset: cifar10  (n_samples=2)
[2026-04-12 11:03:34] Dataset ready: 2 images selected.
[2026-04-12 11:03:34] Building model: mobilenet  num_classes=10
[2026-04-12 11:03:34] No checkpoint found — using random weights (demo mode).
[2026-04-12 11:03:34] 
Total plan: 1 attack × 7 conditions × 2 images = 14 jobs
[2026-04-12 11:03:34] 
================================================================
[2026-04-12 11:03:34] ATTACK: IDLG
[2026-04-12 11:03:34] ================================================================
[2026-04-12 11:03:34] 
  ── Condition 1/7: none/no-defense ──
[2026-04-12 11:03:34]       [none/no-defense] img 1/2 — computing true gradient...
[2026-04-12 11:03:35]       [none/no-defense] img 1/2 — applying defense: none ...
[2026-04-12 11:03:35]       [none/no-defense] img 1/2 — running IDLG attack...
[2026-04-12 11:03:35]         [iDLG] inferred label=9  true label=9
[2026-04-12 11:03:49]         [iDLG] step  50/300  loss=0.8574
[2026-04-12 11:04:02]         [iDLG] step 100/300  loss=0.8864
[2026-04-12 11:04:16]         [iDLG] step 150/300  loss=0.8750
[2026-04-12 11:04:29]         [iDLG] step 200/300  loss=0.8759
[2026-04-12 11:04:42]         [iDLG] step 250/300  loss=0.8856
[2026-04-12 11:04:56]         [iDLG] step 300/300  loss=0.8863
[2026-04-12 11:04:56]       [none/no-defense] img 1/2 — attack done in 80.9s
[2026-04-12 11:04:56]       [none/no-defense] img 1/2 — PSNR=9.58  SSIM=-0.0014  LPIPS=0.3541
[2026-04-12 11:04:56]       [none/no-defense] img 1/2 — images saved.
[2026-04-12 11:04:56]       [none/no-defense] img 2/2 — computing true gradient...
[2026-04-12 11:04:56]       [none/no-defense] img 2/2 — applying defense: none ...
[2026-04-12 11:04:56]       [none/no-defense] img 2/2 — running IDLG attack...
[2026-04-12 11:04:56]         [iDLG] inferred label=2  true label=2
[2026-04-12 11:05:09]         [iDLG] step  50/300  loss=0.9726
[2026-04-12 11:05:22]         [iDLG] step 100/300  loss=0.9250
[2026-04-12 11:05:35]         [iDLG] step 150/300  loss=0.9553
[2026-04-12 11:05:49]         [iDLG] step 200/300  loss=0.9322
[2026-04-12 11:06:02]         [iDLG] step 250/300  loss=0.9885
[2026-04-12 11:06:16]         [iDLG] step 300/300  loss=0.9644
[2026-04-12 11:06:16]       [none/no-defense] img 2/2 — attack done in 79.8s
[2026-04-12 11:06:16]       [none/no-defense] img 2/2 — PSNR=8.67  SSIM=0.0247  LPIPS=0.5657
[2026-04-12 11:06:16]       [none/no-defense] img 2/2 — images saved.
[2026-04-12 11:06:16]   Condition 1/7 COMPLETE (161.4s)  |  mean PSNR=9.12  mean SSIM=0.0117  mean LPIPS=0.4599
[2026-04-12 11:06:16] 
  ── Condition 2/7: dp/sigma=0.001 ──
[2026-04-12 11:06:16]       [dp/sigma=0.001] img 1/2 — computing true gradient...
[2026-04-12 11:06:16]       [dp/sigma=0.001] img 1/2 — applying defense: dp ...
[2026-04-12 11:06:16]       [dp/sigma=0.001] img 1/2 — running IDLG attack...
[2026-04-12 11:06:16]         [iDLG] inferred label=8  true label=9
[2026-04-12 11:06:29]         [iDLG] step  50/300  loss=5.1532
[2026-04-12 11:06:43]         [iDLG] step 100/300  loss=5.1693
[2026-04-12 11:06:57]         [iDLG] step 150/300  loss=5.1640
[2026-04-12 11:07:10]         [iDLG] step 200/300  loss=5.1257
[2026-04-12 11:07:24]         [iDLG] step 250/300  loss=5.1756
[2026-04-12 11:07:37]         [iDLG] step 300/300  loss=5.1718
[2026-04-12 11:07:37]       [dp/sigma=0.001] img 1/2 — attack done in 80.9s
[2026-04-12 11:07:37]       [dp/sigma=0.001] img 1/2 — PSNR=9.50  SSIM=0.0195  LPIPS=0.3112
[2026-04-12 11:07:37]       [dp/sigma=0.001] img 1/2 — images saved.
[2026-04-12 11:07:37]       [dp/sigma=0.001] img 2/2 — computing true gradient...
[2026-04-12 11:07:37]       [dp/sigma=0.001] img 2/2 — applying defense: dp ...
[2026-04-12 11:07:37]       [dp/sigma=0.001] img 2/2 — running IDLG attack...
[2026-04-12 11:07:37]         [iDLG] inferred label=9  true label=2
[2026-04-12 11:07:50]         [iDLG] step  50/300  loss=5.1614
[2026-04-12 11:08:03]         [iDLG] step 100/300  loss=5.1631
[2026-04-12 11:08:16]         [iDLG] step 150/300  loss=5.1527
[2026-04-12 11:08:29]         [iDLG] step 200/300  loss=5.1647
[2026-04-12 11:08:42]         [iDLG] step 250/300  loss=5.1051
[2026-04-12 11:08:54]         [iDLG] step 300/300  loss=5.1858
[2026-04-12 11:08:54]       [dp/sigma=0.001] img 2/2 — attack done in 77.4s
[2026-04-12 11:08:54]       [dp/sigma=0.001] img 2/2 — PSNR=8.71  SSIM=0.0038  LPIPS=0.4829
[2026-04-12 11:08:54]       [dp/sigma=0.001] img 2/2 — images saved.
[2026-04-12 11:08:54]   Condition 2/7 COMPLETE (158.7s)  |  mean PSNR=9.11  mean SSIM=0.0117  mean LPIPS=0.3970
[2026-04-12 11:08:54] 
  ── Condition 3/7: dp/sigma=0.01 ──
[2026-04-12 11:08:54]       [dp/sigma=0.01] img 1/2 — computing true gradient...
[2026-04-12 11:08:55]       [dp/sigma=0.01] img 1/2 — applying defense: dp ...
[2026-04-12 11:08:55]       [dp/sigma=0.01] img 1/2 — running IDLG attack...
[2026-04-12 11:08:55]         [iDLG] inferred label=9  true label=9
[2026-04-12 11:09:05]         [iDLG] step  50/300  loss=224.3453
[2026-04-12 11:09:15]         [iDLG] step 100/300  loss=224.3784
[2026-04-12 11:09:25]         [iDLG] step 150/300  loss=224.3530
[2026-04-12 11:09:35]         [iDLG] step 200/300  loss=224.3953
[2026-04-12 11:09:45]         [iDLG] step 250/300  loss=224.3905
[2026-04-12 11:09:55]         [iDLG] step 300/300  loss=224.3503
[2026-04-12 11:09:55]       [dp/sigma=0.01] img 1/2 — attack done in 60.8s
[2026-04-12 11:09:55]       [dp/sigma=0.01] img 1/2 — PSNR=9.49  SSIM=0.0037  LPIPS=0.3530
[2026-04-12 11:09:55]       [dp/sigma=0.01] img 1/2 — images saved.
[2026-04-12 11:09:55]       [dp/sigma=0.01] img 2/2 — computing true gradient...
[2026-04-12 11:09:55]       [dp/sigma=0.01] img 2/2 — applying defense: dp ...
[2026-04-12 11:09:56]       [dp/sigma=0.01] img 2/2 — running IDLG attack...
[2026-04-12 11:09:56]         [iDLG] inferred label=0  true label=2
[2026-04-12 11:10:06]         [iDLG] step  50/300  loss=226.3537
[2026-04-12 11:10:17]         [iDLG] step 100/300  loss=226.3144
[2026-04-12 11:10:27]         [iDLG] step 150/300  loss=226.3760
[2026-04-12 11:10:37]         [iDLG] step 200/300  loss=226.3617
[2026-04-12 11:10:47]         [iDLG] step 250/300  loss=226.3524
[2026-04-12 11:10:57]         [iDLG] step 300/300  loss=226.3584
[2026-04-12 11:10:57]       [dp/sigma=0.01] img 2/2 — attack done in 61.7s
[2026-04-12 11:10:57]       [dp/sigma=0.01] img 2/2 — PSNR=8.75  SSIM=0.0210  LPIPS=0.5527
[2026-04-12 11:10:57]       [dp/sigma=0.01] img 2/2 — images saved.
[2026-04-12 11:10:57]   Condition 3/7 COMPLETE (122.8s)  |  mean PSNR=9.12  mean SSIM=0.0123  mean LPIPS=0.4528
[2026-04-12 11:10:57] 
  ── Condition 4/7: lcn/alpha=1.1 ──
[2026-04-12 11:10:57]       [lcn] img 1 — simulating prev round (t-1)...
[2026-04-12 11:10:57]       [lcn/alpha=1.1] img 1/2 — computing true gradient...
[2026-04-12 11:10:57]       [lcn/alpha=1.1] img 1/2 — applying defense: lcn ...
[2026-04-12 11:10:57]       [lcn/alpha=1.1] img 1/2 — running IDLG attack...
[2026-04-12 11:10:57]         [iDLG] inferred label=9  true label=9
[2026-04-12 11:11:08]         [iDLG] step  50/300  loss=0.9928
[2026-04-12 11:11:18]         [iDLG] step 100/300  loss=0.9929
[2026-04-12 11:11:28]         [iDLG] step 150/300  loss=0.9915
[2026-04-12 11:11:38]         [iDLG] step 200/300  loss=0.9819
[2026-04-12 11:11:48]         [iDLG] step 250/300  loss=0.9717
[2026-04-12 11:11:58]         [iDLG] step 300/300  loss=0.9870
[2026-04-12 11:11:58]       [lcn/alpha=1.1] img 1/2 — attack done in 60.6s
[2026-04-12 11:11:58]       [lcn/alpha=1.1] img 1/2 — PSNR=9.54  SSIM=0.0123  LPIPS=0.3600
[2026-04-12 11:11:58]       [lcn/alpha=1.1] img 1/2 — images saved.
[2026-04-12 11:11:58]       [lcn] img 2 — simulating prev round (t-1)...
[2026-04-12 11:11:58]       [lcn/alpha=1.1] img 2/2 — computing true gradient...
[2026-04-12 11:11:58]       [lcn/alpha=1.1] img 2/2 — applying defense: lcn ...
[2026-04-12 11:11:58]       [lcn/alpha=1.1] img 2/2 — running IDLG attack...
[2026-04-12 11:11:58]         [iDLG] inferred label=2  true label=2
[2026-04-12 11:12:08]         [iDLG] step  50/300  loss=0.9266
[2026-04-12 11:12:19]         [iDLG] step 100/300  loss=0.9649
[2026-04-12 11:12:29]         [iDLG] step 150/300  loss=0.9587
[2026-04-12 11:12:39]         [iDLG] step 200/300  loss=0.9658
[2026-04-12 11:12:49]         [iDLG] step 250/300  loss=0.9185
[2026-04-12 11:12:59]         [iDLG] step 300/300  loss=0.9447
[2026-04-12 11:12:59]       [lcn/alpha=1.1] img 2/2 — attack done in 60.5s
[2026-04-12 11:12:59]       [lcn/alpha=1.1] img 2/2 — PSNR=8.73  SSIM=0.0032  LPIPS=0.4995
[2026-04-12 11:12:59]       [lcn/alpha=1.1] img 2/2 — images saved.
[2026-04-12 11:12:59]   Condition 4/7 COMPLETE (121.7s)  |  mean PSNR=9.13  mean SSIM=0.0078  mean LPIPS=0.4298
[2026-04-12 11:12:59] 
  ── Condition 5/7: lcn/alpha=0.9 ──
[2026-04-12 11:12:59]       [lcn] img 1 — simulating prev round (t-1)...
[2026-04-12 11:12:59]       [lcn/alpha=0.9] img 1/2 — computing true gradient...
[2026-04-12 11:12:59]       [lcn/alpha=0.9] img 1/2 — applying defense: lcn ...
[2026-04-12 11:12:59]       [lcn/alpha=0.9] img 1/2 — running IDLG attack...
[2026-04-12 11:12:59]         [iDLG] inferred label=9  true label=9
[2026-04-12 11:13:09]         [iDLG] step  50/300  loss=0.7996
[2026-04-12 11:13:19]         [iDLG] step 100/300  loss=0.7953
[2026-04-12 11:13:29]         [iDLG] step 150/300  loss=0.8122
[2026-04-12 11:13:40]         [iDLG] step 200/300  loss=0.7991
[2026-04-12 11:13:50]         [iDLG] step 250/300  loss=0.7777
[2026-04-12 11:14:00]         [iDLG] step 300/300  loss=0.8023
[2026-04-12 11:14:00]       [lcn/alpha=0.9] img 1/2 — attack done in 60.6s
[2026-04-12 11:14:00]       [lcn/alpha=0.9] img 1/2 — PSNR=9.46  SSIM=0.0276  LPIPS=0.3813
[2026-04-12 11:14:00]       [lcn/alpha=0.9] img 1/2 — images saved.
[2026-04-12 11:14:00]       [lcn] img 2 — simulating prev round (t-1)...
[2026-04-12 11:14:00]       [lcn/alpha=0.9] img 2/2 — computing true gradient...
[2026-04-12 11:14:00]       [lcn/alpha=0.9] img 2/2 — applying defense: lcn ...
[2026-04-12 11:14:00]       [lcn/alpha=0.9] img 2/2 — running IDLG attack...
[2026-04-12 11:14:00]         [iDLG] inferred label=2  true label=2
[2026-04-12 11:14:10]         [iDLG] step  50/300  loss=0.8385
[2026-04-12 11:14:20]         [iDLG] step 100/300  loss=0.8353
[2026-04-12 11:14:30]         [iDLG] step 150/300  loss=0.8373
[2026-04-12 11:14:40]         [iDLG] step 200/300  loss=0.7989
[2026-04-12 11:14:50]         [iDLG] step 250/300  loss=0.8351
[2026-04-12 11:15:01]         [iDLG] step 300/300  loss=0.8185
[2026-04-12 11:15:01]       [lcn/alpha=0.9] img 2/2 — attack done in 60.6s
[2026-04-12 11:15:01]       [lcn/alpha=0.9] img 2/2 — PSNR=8.89  SSIM=0.0224  LPIPS=0.5090
[2026-04-12 11:15:01]       [lcn/alpha=0.9] img 2/2 — images saved.
[2026-04-12 11:15:01]   Condition 5/7 COMPLETE (121.6s)  |  mean PSNR=9.18  mean SSIM=0.0250  mean LPIPS=0.4451
[2026-04-12 11:15:01] 
  ── Condition 6/7: lcn/alpha=0.7 ──
[2026-04-12 11:15:01]       [lcn] img 1 — simulating prev round (t-1)...
[2026-04-12 11:15:01]       [lcn/alpha=0.7] img 1/2 — computing true gradient...
[2026-04-12 11:15:01]       [lcn/alpha=0.7] img 1/2 — applying defense: lcn ...
[2026-04-12 11:15:01]       [lcn/alpha=0.7] img 1/2 — running IDLG attack...
[2026-04-12 11:15:01]         [iDLG] inferred label=9  true label=9
[2026-04-12 11:15:11]         [iDLG] step  50/300  loss=0.7766
[2026-04-12 11:15:21]         [iDLG] step 100/300  loss=0.7378
[2026-04-12 11:15:31]         [iDLG] step 150/300  loss=0.7334
[2026-04-12 11:15:41]         [iDLG] step 200/300  loss=0.7419
[2026-04-12 11:15:51]         [iDLG] step 250/300  loss=0.7642
[2026-04-12 11:16:01]         [iDLG] step 300/300  loss=0.7115
[2026-04-12 11:16:01]       [lcn/alpha=0.7] img 1/2 — attack done in 60.6s
[2026-04-12 11:16:01]       [lcn/alpha=0.7] img 1/2 — PSNR=9.55  SSIM=0.0148  LPIPS=0.3527
[2026-04-12 11:16:01]       [lcn/alpha=0.7] img 1/2 — images saved.
[2026-04-12 11:16:01]       [lcn] img 2 — simulating prev round (t-1)...
[2026-04-12 11:16:01]       [lcn/alpha=0.7] img 2/2 — computing true gradient...
[2026-04-12 11:16:02]       [lcn/alpha=0.7] img 2/2 — applying defense: lcn ...
[2026-04-12 11:16:02]       [lcn/alpha=0.7] img 2/2 — running IDLG attack...
[2026-04-12 11:16:02]         [iDLG] inferred label=2  true label=2
[2026-04-12 11:16:12]         [iDLG] step  50/300  loss=0.7384
[2026-04-12 11:16:22]         [iDLG] step 100/300  loss=0.7578
[2026-04-12 11:16:32]         [iDLG] step 150/300  loss=0.7303
[2026-04-12 11:16:42]         [iDLG] step 200/300  loss=0.7209
[2026-04-12 11:16:52]         [iDLG] step 250/300  loss=0.7080
[2026-04-12 11:17:02]         [iDLG] step 300/300  loss=0.7385
[2026-04-12 11:17:02]       [lcn/alpha=0.7] img 2/2 — attack done in 60.6s
[2026-04-12 11:17:02]       [lcn/alpha=0.7] img 2/2 — PSNR=8.83  SSIM=0.0197  LPIPS=0.5366
[2026-04-12 11:17:02]       [lcn/alpha=0.7] img 2/2 — images saved.
[2026-04-12 11:17:02]   Condition 6/7 COMPLETE (121.6s)  |  mean PSNR=9.19  mean SSIM=0.0173  mean LPIPS=0.4446
[2026-04-12 11:17:02] 
  ── Condition 7/7: lcn/alpha=0.5 ──
[2026-04-12 11:17:02]       [lcn] img 1 — simulating prev round (t-1)...
[2026-04-12 11:17:02]       [lcn/alpha=0.5] img 1/2 — computing true gradient...
[2026-04-12 11:17:02]       [lcn/alpha=0.5] img 1/2 — applying defense: lcn ...
[2026-04-12 11:17:02]       [lcn/alpha=0.5] img 1/2 — running IDLG attack...
[2026-04-12 11:17:02]         [iDLG] inferred label=9  true label=9
[2026-04-12 11:17:12]         [iDLG] step  50/300  loss=0.6149
[2026-04-12 11:17:23]         [iDLG] step 100/300  loss=0.6476
[2026-04-12 11:17:33]         [iDLG] step 150/300  loss=0.6418
[2026-04-12 11:17:43]         [iDLG] step 200/300  loss=0.6301
[2026-04-12 11:17:53]         [iDLG] step 250/300  loss=0.6448
[2026-04-12 11:18:03]         [iDLG] step 300/300  loss=0.6321
[2026-04-12 11:18:03]       [lcn/alpha=0.5] img 1/2 — attack done in 60.5s
[2026-04-12 11:18:03]       [lcn/alpha=0.5] img 1/2 — PSNR=9.54  SSIM=0.0138  LPIPS=0.3562
[2026-04-12 11:18:03]       [lcn/alpha=0.5] img 1/2 — images saved.
[2026-04-12 11:18:03]       [lcn] img 2 — simulating prev round (t-1)...
[2026-04-12 11:18:03]       [lcn/alpha=0.5] img 2/2 — computing true gradient...
[2026-04-12 11:18:03]       [lcn/alpha=0.5] img 2/2 — applying defense: lcn ...
[2026-04-12 11:18:03]       [lcn/alpha=0.5] img 2/2 — running IDLG attack...
[2026-04-12 11:18:03]         [iDLG] inferred label=2  true label=2
[2026-04-12 11:18:13]         [iDLG] step  50/300  loss=0.6453
[2026-04-12 11:18:23]         [iDLG] step 100/300  loss=0.6353
[2026-04-12 11:18:33]         [iDLG] step 150/300  loss=0.6462
[2026-04-12 11:18:44]         [iDLG] step 200/300  loss=0.6913
[2026-04-12 11:18:54]         [iDLG] step 250/300  loss=0.6889
[2026-04-12 11:19:04]         [iDLG] step 300/300  loss=0.6752
[2026-04-12 11:19:04]       [lcn/alpha=0.5] img 2/2 — attack done in 61.0s
[2026-04-12 11:19:04]       [lcn/alpha=0.5] img 2/2 — PSNR=8.74  SSIM=0.0251  LPIPS=0.4673
[2026-04-12 11:19:04]       [lcn/alpha=0.5] img 2/2 — images saved.
[2026-04-12 11:19:04]   Condition 7/7 COMPLETE (122.0s)  |  mean PSNR=9.14  mean SSIM=0.0194  mean LPIPS=0.4118
[2026-04-12 11:19:04] 
All done in 15.5 min. Results saved to: ./results/defense_capability_cifar10_mobilenet.csv
