[2026-04-12 13:49:35] Log file: ./results/defense_tinyimagenet_resnet18_idlg_20260412_134935.log
[2026-04-12 13:49:35] Device: cuda
[2026-04-12 13:49:35] Args: {'dataset': 'tinyimagenet', 'model': 'resnet18', 'attack': 'idlg', 'n_samples': 2, 'checkpoint': './checkpoints/tinyimagenet_resnet18.pth', 'tinyimagenet_dir': None, 'output_dir': './results', 'seed': 42}
[2026-04-12 13:49:35] Loading LPIPS model (alex)...
[2026-04-12 13:49:35] LPIPS ready.
[2026-04-12 13:49:35] Loading dataset: tinyimagenet  (n_samples=2)
[2026-04-12 13:49:35] Tiny-ImageNet not found locally — downloading...
[2026-04-12 13:49:35] Downloading Tiny-ImageNet from http://cs231n.stanford.edu/tiny-imagenet-200.zip ...
[2026-04-12 13:49:35] (~240 MB, this may take a few minutes)
[2026-04-12 13:49:37]   0.0%  (0.0 MB)
[2026-04-12 13:49:40]   1.7%  (3.9 MB)
[2026-04-12 13:49:41]   3.3%  (7.8 MB)
[2026-04-12 13:49:42]   5.0%  (11.7 MB)
[2026-04-12 13:49:42]   6.6%  (15.6 MB)
[2026-04-12 13:49:43]   8.3%  (19.5 MB)
[2026-04-12 13:49:44]   9.9%  (23.4 MB)
[2026-04-12 13:49:45]   11.6%  (27.3 MB)
[2026-04-12 13:49:46]   13.2%  (31.2 MB)
[2026-04-12 13:49:46]   14.9%  (35.2 MB)
[2026-04-12 13:49:47]   16.5%  (39.1 MB)
[2026-04-12 13:49:48]   18.2%  (43.0 MB)
[2026-04-12 13:49:49]   19.8%  (46.9 MB)
[2026-04-12 13:49:49]   21.5%  (50.8 MB)
[2026-04-12 13:49:50]   23.1%  (54.7 MB)
[2026-04-12 13:49:51]   24.8%  (58.6 MB)
[2026-04-12 13:49:51]   26.4%  (62.5 MB)
[2026-04-12 13:49:52]   28.1%  (66.4 MB)
[2026-04-12 13:49:53]   29.7%  (70.3 MB)
[2026-04-12 13:49:54]   31.4%  (74.2 MB)
[2026-04-12 13:49:55]   33.0%  (78.1 MB)
[2026-04-12 13:49:56]   34.7%  (82.0 MB)
[2026-04-12 13:49:56]   36.3%  (85.9 MB)
[2026-04-12 13:49:57]   38.0%  (89.8 MB)
[2026-04-12 13:49:58]   39.6%  (93.8 MB)
[2026-04-12 13:49:59]   41.3%  (97.7 MB)
[2026-04-12 13:49:59]   42.9%  (101.6 MB)
[2026-04-12 13:50:00]   44.6%  (105.5 MB)
[2026-04-12 13:50:01]   46.2%  (109.4 MB)
[2026-04-12 13:50:02]   47.9%  (113.3 MB)
[2026-04-12 13:50:03]   49.5%  (117.2 MB)
[2026-04-12 13:50:04]   51.2%  (121.1 MB)
[2026-04-12 13:50:05]   52.8%  (125.0 MB)
[2026-04-12 13:50:06]   54.5%  (128.9 MB)
[2026-04-12 13:50:07]   56.1%  (132.8 MB)
[2026-04-12 13:50:08]   57.8%  (136.7 MB)
[2026-04-12 13:50:10]   59.4%  (140.6 MB)
[2026-04-12 13:50:12]   61.1%  (144.5 MB)
[2026-04-12 13:50:13]   62.7%  (148.4 MB)
[2026-04-12 13:50:15]   64.4%  (152.3 MB)
[2026-04-12 13:50:17]   66.0%  (156.2 MB)
[2026-04-12 13:50:19]   67.7%  (160.2 MB)
[2026-04-12 13:50:21]   69.3%  (164.1 MB)
[2026-04-12 13:50:22]   71.0%  (168.0 MB)
[2026-04-12 13:50:24]   72.6%  (171.9 MB)
[2026-04-12 13:50:26]   74.3%  (175.8 MB)
[2026-04-12 13:50:28]   75.9%  (179.7 MB)
[2026-04-12 13:50:29]   77.6%  (183.6 MB)
[2026-04-12 13:50:31]   79.2%  (187.5 MB)
[2026-04-12 13:50:33]   80.9%  (191.4 MB)
[2026-04-12 13:50:34]   82.5%  (195.3 MB)
[2026-04-12 13:50:36]   84.2%  (199.2 MB)
[2026-04-12 13:50:37]   85.8%  (203.1 MB)
[2026-04-12 13:50:39]   87.5%  (207.0 MB)
[2026-04-12 13:50:40]   89.2%  (210.9 MB)
[2026-04-12 13:50:41]   90.8%  (214.8 MB)
[2026-04-12 13:50:42]   92.5%  (218.8 MB)
[2026-04-12 13:50:43]   94.1%  (222.7 MB)
[2026-04-12 13:50:45]   95.8%  (226.6 MB)
[2026-04-12 13:50:46]   97.4%  (230.5 MB)
[2026-04-12 13:50:47]   99.1%  (234.4 MB)
[2026-04-12 13:50:47] Download complete.
[2026-04-12 13:50:51] Extracting to ./data/tiny-imagenet-200 ...
[2026-04-12 13:51:02] Extraction complete.
[2026-04-12 13:51:02] Reorganizing val/ directory for ImageFolder compatibility...
[2026-04-12 13:51:03] Moved 10000 images into class subdirectories.
[2026-04-12 13:51:03] Tiny-ImageNet val dir: ./data/tiny-imagenet-200/val
[2026-04-12 13:51:03] Dataset ready: 2 images selected.
[2026-04-12 13:51:03] Building model: resnet18  num_classes=200
[2026-04-12 13:51:03] No checkpoint found — using random weights (demo mode).
[2026-04-12 13:51:03] 
Total plan: 1 attack × 7 conditions × 2 images = 14 jobs
[2026-04-12 13:51:03] 
================================================================
[2026-04-12 13:51:03] ATTACK: IDLG
[2026-04-12 13:51:03] ================================================================
[2026-04-12 13:51:03] 
  ── Condition 1/7: none/no-defense ──
